#
#  Non-essential packages that can be uninstalled from Linux Mint 22.
#
thunderbird
thunderbird-gnome-support
thunderbird-locale-en
thunderbird-locale-en-gb
thunderbird-locale-en-us
thunderbird-locale-es
thunderbird-locale-es-ar
thunderbird-locale-es-es
thunderbird-locale-zh-cn
thunderbird-locale-zh-hans
thunderbird-locale-zh-hant
thunderbird-locale-zh-tw
thunderbird-locale-pt
thunderbird-locale-pt-br
thunderbird-locale-pt-pt
thunderbird-locale-de
thunderbird-locale-fr
thunderbird-locale-it
thunderbird-locale-ru
firefox
firefox-locale-en
transmission-gtk
transmission
hexchat
warpinator
hypnotix
celluloid
gnome-todo
baobab
rhythmbox
cheese
vino
shotwell
totem
gimp
vlc
usb-creator-gtk
deja-dup
gnome-calendar
remmina
simple-scan
aisleriot
onboard
gnome-mahjongg
gnome-mines
gnome-sudoku
branding-ubuntu
bulky
sticky
thingy
onboard
webapp-manager
mintbackup
mintstick
timeshift
cups  # Only needed for printing
hplip  # Only needed for printing
sane
xsane
fwupd  # Not needed on a VM
libfwupd2  # Not needed on a VM
linux-firmware  # Not needed on a VM
mintupdate  # Prefer to use apt
libwebkitgtk-*
bluetooth  # Not needed on a VM
bluez  # Not needed on a VM
gnome-calculator
evolution-data-server
libreoffice-style-breeze
libreoffice-gnome
libreoffice-writer
libreoffice-calc
libreoffice-impress
libreoffice-math
libreoffice-style-colibre
libreoffice-uiconfig-calc
libreoffice-uiconfig-common
libreoffice-uiconfig-draw
libreoffice-uiconfig-impress
libreoffice-uiconfig-writer
example-content
libreoffice-ogltrans
libreoffice-pdfimport
libreoffice-l10n-af  # Remove every language variant even though not all are installed 
libreoffice-l10n-am
libreoffice-l10n-ar
libreoffice-l10n-as
libreoffice-l10n-ast
libreoffice-l10n-be
libreoffice-l10n-bg
libreoffice-l10n-bn
libreoffice-l10n-br
libreoffice-l10n-bs
libreoffice-l10n-ca
libreoffice-l10n-cs
libreoffice-l10n-cy
libreoffice-l10n-da
libreoffice-l10n-de
libreoffice-l10n-dz
libreoffice-l10n-el
libreoffice-l10n-en-gb
libreoffice-l10n-en-za
libreoffice-l10n-eo
libreoffice-l10n-es
libreoffice-l10n-et
libreoffice-l10n-eu
libreoffice-l10n-fa
libreoffice-l10n-fi
libreoffice-l10n-fr
libreoffice-l10n-ga
libreoffice-l10n-gd
libreoffice-l10n-gl
libreoffice-l10n-gu
libreoffice-l10n-gug
libreoffice-l10n-he
libreoffice-l10n-hi
libreoffice-l10n-hr
libreoffice-l10n-hu
libreoffice-l10n-hy
libreoffice-l10n-id
libreoffice-l10n-is
libreoffice-l10n-it
libreoffice-l10n-ja
libreoffice-l10n-ka
libreoffice-l10n-kk
libreoffice-l10n-km
libreoffice-l10n-kmr
libreoffice-l10n-kn
libreoffice-l10n-ko
libreoffice-l10n-lt
libreoffice-l10n-lv
libreoffice-l10n-mk
libreoffice-l10n-ml
libreoffice-l10n-mn
libreoffice-l10n-mr
libreoffice-l10n-nb
libreoffice-l10n-ne
libreoffice-l10n-nl
libreoffice-l10n-nn
libreoffice-l10n-nr
libreoffice-l10n-nso
libreoffice-l10n-oc
libreoffice-l10n-om
libreoffice-l10n-or
libreoffice-l10n-pa-in
libreoffice-l10n-pl
libreoffice-l10n-pt
libreoffice-l10n-pt-br
libreoffice-l10n-ro
libreoffice-l10n-ru
libreoffice-l10n-rw
libreoffice-l10n-si
libreoffice-l10n-sk
libreoffice-l10n-sl
libreoffice-l10n-sr
libreoffice-l10n-ss
libreoffice-l10n-st
libreoffice-l10n-sv
libreoffice-l10n-szl
libreoffice-l10n-ta
libreoffice-l10n-te
libreoffice-l10n-tg
libreoffice-l10n-th
libreoffice-l10n-tn
libreoffice-l10n-tr
libreoffice-l10n-ts
libreoffice-l10n-ug
libreoffice-l10n-uk
libreoffice-l10n-uz
libreoffice-l10n-ve
libreoffice-l10n-vi
libreoffice-l10n-xh
libreoffice-l10n-zh-cn
libreoffice-l10n-zh-tw
libreoffice-l10n-zu
libreoffice-help-common
libreoffice-help-ca
libreoffice-help-cs
libreoffice-help-da
libreoffice-help-de
libreoffice-help-dz
libreoffice-help-el
libreoffice-help-en-gb
libreoffice-help-en-us
libreoffice-help-es
libreoffice-help-et
libreoffice-help-eu
libreoffice-help-fi
libreoffice-help-fr
libreoffice-help-gl
libreoffice-help-hi
libreoffice-help-hu
libreoffice-help-id
libreoffice-help-it
libreoffice-help-ja
libreoffice-help-km
libreoffice-help-ko
libreoffice-help-nl
libreoffice-help-om
libreoffice-help-pl
libreoffice-help-pt
libreoffice-help-pt-br
libreoffice-help-ru
libreoffice-help-sk
libreoffice-help-sl
libreoffice-help-sv
libreoffice-help-tr
libreoffice-help-vi
libreoffice-help-zh-cn
libreoffice-help-zh-tw
gir1.2-rb-3.0
gir1.2-totem-1.0
gir1.2-totemplparser-1.0
libabw-0.1-1
libavahi-ui-gtk3-0
libexttextcat-2.0-0
libexttextcat-data
libfreehand-0.1-1
libgnome-games-support-1-3
libgnome-games-support-common
libgom-1.0-0
libgrilo-0.3-0
liblangtag-common
liblangtag1
libmessaging-menu0
libmhash2
libminiupnpc10
libmwaw-0.3-3
libmythes-1.2-0
libnatpmp1
libneon27-gnutls
libpagemaker-0.0-0
librdf0
libreoffice-avmedia-backend-gstreamer
libreoffice-base-core
libreoffice-common
libreoffice-core
libreoffice-draw
libreoffice-gtk3
libreoffice-style-elementary
libreoffice-style-galaxy
libreoffice-style-tango
libraptor2-0
librasqal3
librevenge-0.0-0
librhythmbox-core10
libtotem0
libvisio-0.1-1
libwpd-0.10-10
libwpg-0.3-3
libwps-0.4-4
libyajl2
python3-uno
rhythmbox-data
rhythmbox-plugin-alternative-toolbar
rhythmbox-plugins
remmina-common
remmina-plugin-rdp
remmina-plugin-secret
remmina-plugin-vnc
duplicity
seahorse-daemon
shotwell-common
totem-common
totem-plugins
transmission-common
cheese-common
gnome-todo-common
gnome-video-effects
libcheese-gtk25
libcheese8
uno-libs3
ure
zeitgeist-core
python3-hunspell
hunspell-af  # Remove every language variant even though not all are installed 
hunspell-an
hunspell-ar
hunspell-be
hunspell-bg
hunspell-bn
hunspell-bo
hunspell-br
hunspell-bs
hunspell-ca
hunspell-cs
hunspell-da
hunspell-de-at
hunspell-de-at-frami
hunspell-de-ch
hunspell-de-ch-frami
hunspell-de-de
hunspell-de-de-frami
hunspell-dz
hunspell-el
hunspell-en-au
hunspell-en-ca
hunspell-en-gb
hunspell-en-us
hunspell-en-za
hunspell-eo
hunspell-es
hunspell-eu
hunspell-fr
hunspell-fr-classical
hunspell-gd
hunspell-gl
hunspell-gu
hunspell-gug
hunspell-he
hunspell-hi
hunspell-hr
hunspell-hu
hunspell-id
hunspell-is
hunspell-it
hunspell-kk
hunspell-kmr
hunspell-ko
hunspell-lo
hunspell-lt
hunspell-lv
hunspell-ml
hunspell-mn
hunspell-ne
hunspell-nl
hunspell-no
hunspell-oc
hunspell-pl
hunspell-pt-br
hunspell-pt-pt
hunspell-ro
hunspell-ru
hunspell-si
hunspell-sk
hunspell-sl
hunspell-sr
hunspell-sv
hunspell-sw
hunspell-te
hunspell-th
hunspell-tools
hunspell-tr
hunspell-uk
hunspell-uz
hunspell-vi
hyphen-af  # Remove every language variant even though not all are installed 
hyphen-as
hyphen-be
hyphen-bg
hyphen-bn
hyphen-ca
hyphen-cs
hyphen-da
hyphen-de
hyphen-el
hyphen-en-ca
hyphen-en-gb
hyphen-en-us
hyphen-eo
hyphen-es
hyphen-fi
hyphen-fr
hyphen-ga
hyphen-gl
hyphen-gu
hyphen-hi
hyphen-hr
hyphen-hu
hyphen-id
hyphen-is
hyphen-it
hyphen-kn
hyphen-lt
hyphen-lv
hyphen-ml
hyphen-mn
hyphen-mr
hyphen-nl
hyphen-no
hyphen-or
hyphen-pa
hyphen-pl
hyphen-pt-br
hyphen-pt-pt
hyphen-ro
hyphen-ru
hyphen-sk
hyphen-sl
hyphen-sr
hyphen-sv
hyphen-ta
hyphen-te
hyphen-th
hyphen-uk
hyphen-zu  # Remove every language variant even though not all are installed 
mythes-ar
mythes-bg
mythes-ca
mythes-cs
mythes-da
mythes-de
mythes-de-ch
mythes-en-au
mythes-en-us
mythes-eo
mythes-es
mythes-fr
mythes-gl
mythes-gug
mythes-hu
mythes-id
mythes-is
mythes-it
mythes-lv
mythes-ne
mythes-no
mythes-pl
mythes-pt-br
mythes-pt-pt
mythes-ro
mythes-ru
mythes-sk
mythes-sl
mythes-sv
mythes-uk
